// Jest Snapshot v1, https://goo.gl/fbAQLP

exports[`Options cache {Boolean} - \`false\` (Default) 1`] = `
"export default function () {
  return 'core';
};
"
`;

exports[`Options cache {Boolean} - \`true\` 1`] = `
"export default function () {
  return 'core';
};
"
`;
