// Jest Snapshot v1, https://goo.gl/fbAQLP

exports[`Options context {String} 1`] = `
"import core from '*/core';
import component from '*/component';

export default () => {
  core();
  component();
};
"
`;
